// Jest Snapshot v1, https://goo.gl/fbAQLP

exports[`Search component user text is echoed 1`] = `ShallowWrapper {}`;
